---
source: crates/agentwatch/src/tui_tests.rs
assertion_line: 453
expression: "render_snapshot(&state, &mut cache, 120, 24)"
---
 AgentWatch   repo:routa-js  branch:main    FILES VIEW · FOLLOW ON  rpc:socket  ag:2 act:1  dirty:2  unknown:1  synced 2
┌Files───────────────────────────────────────────────────────────────┐┌Details─────────────────────────────────────────┐
│ ALL FILES    REVIEW UNKNOWN                                        ││tui.rs                                          │
│2 files  M:1 D:1  E:1 I:0 U:1                                       ││crates/agentwatch/src                           │
│────────────────────────────────────────────────────────────────────││Last by: impl-buddy                             │
│> tui.rs                                                            ││Modified: <ts> (4m)                         │
│  crates/agentwatch/src  M  +38 -5     4m  EXACT                    │└────────────────────────────────────────────────┘
│  route.ts                                                          │┌File Preview────────────────────────────────────┐
│  src/app/api/a2a/card  D  -12        5m  UNKNOWN                   ││ 1 fn render(frame: &mut Frame) {               │
│                                                                    ││ 2     // preview                               │
│                                                                    ││ 3 }                                            │
│                                                                    ││                                                │
│                                                                    ││                                                │
│                                                                    ││                                                │
│                                                                    ││                                                │
│                                                                    ││                                                │
│                                                                    ││                                                │
└────────────────────────────────────────────────────────────────────┘└────────────────────────────────────────────────┘
┌Event Stream (all)────────────────────────────────────────────────────────────────────────────────────────────────────┐
│<ts>  WATCH  modify   crates/agentwatch/src/tui.rs                                                                │
│<ts>  HOOK   live-hook-check Edit Write                                                                           │
│<ts>  GIT    post-commit main                                                                                     │
└──────────────────────────────────────────────────────────────────────────────────────────────────────────────────────┘
Tab focus  ↑↓ select  u unknown  d preview/diff  Pg scroll  f follow:on  T theme  Esc clear  q quit
