---
source: crates/harness-monitor/src/tui_tests.rs
assertion_line: 666
expression: "render_snapshot(&state, &mut cache, 96, 24)"
---
 Harness Monitor   repo:routa-js  branch:main  agents:2 active:1  dirty:1  unknown:0  synced 2m
┌Git Status────────────────────────────────────────────────────────────────────────────────────┐
│ 1 file, 5 commits, run: impl-buddy, branch: main, 2 worktrees                                │
│──────────────────────────────────────────────────────────────────────────────────────────────│
│> tui.rs                                                                                      │
│  ...s-monitor/src  M  +38 -5     4m                                                          │
│                                                                                              │
│                                                                                              │
│                                                                                              │
│                                                                                              │
│                                                                                              │
│                                                                                              │
└──────────────────────────────────────────────────────────────────────────────────────────────┘
┌Fitness (Entrix Fast)─────────────────────────────────────────────────────────────────────────┐
│Score: PASS 91.0% (0/12) 4200ms                                                               │
└──────────────────────────────────────────────────────────────────────────────────────────────┘
┌Diff Preview──────────────────────────────────────────────────────────────────────────────────┐
│@@ -1,2 +1,3 @@                                                                               │
│-use old                                                                                      │
└──────────────────────────────────────────────────────────────────────────────────────────────┘
┌Details───────────────────────────────────────────────────────────────────────────────────────┐
│tui.rs                                                                                        │
└──────────────────────────────────────────────────────────────────────────────────────────────┘
↑↓ select  S run sort  v run filter  u unknown  d preview  Pg scroll  g refresh fitness  m fast/
